{
    "info": {
        "subdir": "linux-64"
    },
    "packages": {
        "a-3.0-b001_0.tar.bz2": {
            "build": "b001_0",
            "build_number": 0,
            "depends": [ ],
            "name": "a",
            "version": "3.0"
        }
    }
}