{
    "info": {
        "subdir": "linux-64"
    },
    "packages": {
        "a-2.0.tar.bz2": {
            "build": "",
            "build_number": 0,
            "depends": ["b >=2.0,<3.0"],
            "name": "a",
            "version": "2.0"
        },
        "a-3.0.tar.bz2": {
            "build": "",
            "build_number": 0,
            "depends": ["b >=3.0"],
            "name": "a",
            "version": "3.0"
        },
        "b-2.0.tar.bz2": {
            "build": "",
            "build_number": 0,
            "depends": [ ],
            "name": "b",
            "version": "2.0"
        },
        "b-3.0.tar.bz2": {
            "build": "",
            "build_number": 0,
            "depends": [ ],
            "name": "b",
            "version": "3.0"
        }
    }
}