{
    "info": {
        "subdir": "linux-64"
    },
    "packages": {
        "a-3.0.tar.bz2": {
            "build": "",
            "build_number": 0,
            "depends": [ ],
            "name": "a",
            "subdir": "linux-64",
            "version": "3.0"
        }
    }
}